------------------------------------------------------------
Timing Analyzer Summary
------------------------------------------------------------

Type  : Slow 900mV 85C Model Setup 'my_pll_inst|altpll_component|auto_generated|pll1|clk[0]'
Slack : 3.610
TNS   : 0.000

Type  : Slow 900mV 85C Model Hold 'my_pll_inst|altpll_component|auto_generated|pll1|clk[0]'
Slack : 0.314
TNS   : 0.000

Type  : Slow 900mV 85C Model Minimum Pulse Width 'my_pll_inst|altpll_component|auto_generated|pll1|clk[0]'
Slack : 1.920
TNS   : 0.000

Type  : Slow 900mV 85C Model Minimum Pulse Width 'i_clk'
Slack : 9.959
TNS   : 0.000

Type  : Slow 900mV 0C Model Setup 'my_pll_inst|altpll_component|auto_generated|pll1|clk[0]'
Slack : 3.659
TNS   : 0.000

Type  : Slow 900mV 0C Model Hold 'my_pll_inst|altpll_component|auto_generated|pll1|clk[0]'
Slack : 0.306
TNS   : 0.000

Type  : Slow 900mV 0C Model Minimum Pulse Width 'my_pll_inst|altpll_component|auto_generated|pll1|clk[0]'
Slack : 1.952
TNS   : 0.000

Type  : Slow 900mV 0C Model Minimum Pulse Width 'i_clk'
Slack : 9.979
TNS   : 0.000

Type  : Fast 900mV 0C Model Setup 'my_pll_inst|altpll_component|auto_generated|pll1|clk[0]'
Slack : 4.247
TNS   : 0.000

Type  : Fast 900mV 0C Model Hold 'my_pll_inst|altpll_component|auto_generated|pll1|clk[0]'
Slack : 0.168
TNS   : 0.000

Type  : Fast 900mV 0C Model Minimum Pulse Width 'my_pll_inst|altpll_component|auto_generated|pll1|clk[0]'
Slack : 2.122
TNS   : 0.000

Type  : Fast 900mV 0C Model Minimum Pulse Width 'i_clk'
Slack : 9.698
TNS   : 0.000

------------------------------------------------------------
